npm warn config optional Use `--omit=optional` to exclude optional dependencies, or
npm warn config `--include=optional` to include them.
npm warn config
npm warn config       Default value does install optional deps unless otherwise omitted.

> wow-meta-site@1.0.0 build
> react-scripts build

Creating an optimized production build...
Compiled successfully.

File sizes after gzip:

  493.73 kB (+601 B)  build\static\js\main.f1a55c89.js
  3.53 kB             build\static\css\main.860090fa.css

The project was built assuming it is hosted at /.
You can control this with the homepage field in your package.json.

The build folder is ready to be deployed.
You may serve it with a static server:

  npm install -g serve
  serve -s build

Find out more about deployment here:

  https://cra.link/deployment

